../Core/Src/main.c:66:6:ADC_Select_CH0	24	static
../Core/Src/main.c:81:6:ADC_Select_CH1	24	static
../Core/Src/main.c:113:5:main	8	static
../Core/Src/main.c:161:6:SystemClock_Config	88	static
../Core/Src/main.c:208:13:MX_ADC1_Init	8	static
../Core/Src/main.c:265:13:MX_TIM1_Init	32	static
../Core/Src/main.c:311:13:MX_TIM4_Init	64	static
../Core/Src/main.c:374:13:MX_USART3_UART_Init	8	static
../Core/Src/main.c:407:13:MX_GPIO_Init	40	static
../Core/Src/main.c:469:6:HAL_TIM_PeriodElapsedCallback	32	static
../Core/Src/main.c:502:6:HAL_ADC_ConvCpltCallback	16	static
../Core/Src/main.c:513:6:HAL_UART_RxCpltCallback	32	static
../Core/Src/main.c:529:6:envioDeDatos	24	static
../Core/Src/main.c:549:6:analogToByte	24	static
../Core/Src/main.c:567:6:Error_Handler	4	static,ignoring_inline_asm
