../Core/Src/main.c:92:5:main	8	static
../Core/Src/main.c:142:6:SystemClock_Config	88	static
../Core/Src/main.c:189:13:MX_ADC1_Init	24	static
../Core/Src/main.c:245:13:MX_TIM1_Init	32	static
../Core/Src/main.c:291:13:MX_TIM4_Init	64	static
../Core/Src/main.c:354:13:MX_USART3_UART_Init	8	static
../Core/Src/main.c:387:13:MX_GPIO_Init	40	static
../Core/Src/main.c:449:6:HAL_TIM_PeriodElapsedCallback	32	static
../Core/Src/main.c:481:6:HAL_ADC_ConvCpltCallback	16	static
../Core/Src/main.c:492:6:HAL_UART_RxCpltCallback	32	static
../Core/Src/main.c:520:6:envioDeDatos	24	static
../Core/Src/main.c:541:6:analogToByte	24	static
../Core/Src/main.c:553:6:ADC_Select_CH0	24	static
../Core/Src/main.c:568:6:ADC_Select_CH1	24	static
../Core/Src/main.c:586:6:Error_Handler	4	static,ignoring_inline_asm
